0 verbose cli C:\nvm4w\nodejs\node.exe C:\ProgramData\nvm\v22.23.2\node_modules\npm\bin\npm-cli.js
1 info using npm@10.9.8
2 info using node@v22.23.2
3 silly config load:file:C:\ProgramData\nvm\v22.23.2\node_modules\npm\npmrc
4 silly config load:file:D:\workspace\code\harness\dsh-smart-scenario-router\.npmrc
5 silly config load:file:C:\Users\curry\.npmrc
6 silly config load:file:C:\nvm4w\nodejs\etc\npmrc
7 verbose title npm exec @playwright/cli playwright-cli open http://127.0.0.1:3080
8 verbose argv "exec" "--cache" "D:\\workspace\\code\\harness\\dsh-smart-scenario-router\\.tmp-ui\\.npm-cache" "--yes" "--" "@playwright/cli" "playwright-cli" "open" "http://127.0.0.1:3080"
9 verbose logfile logs-max:10 dir:D:\workspace\code\harness\dsh-smart-scenario-router\.tmp-ui\.npm-cache\_logs\2026-08-31T07_11_32_937Z-
10 verbose logfile D:\workspace\code\harness\dsh-smart-scenario-router\.tmp-ui\.npm-cache\_logs\2026-08-31T07_11_32_937Z-debug-0.log
11 silly logfile done cleaning log files
12 silly packumentCache heap:4345298944 maxSize:1086324736 maxEntrySize:543162368
13 http fetch GET 200 https://registry.npmmirror.com/@playwright%2fcli 117ms (cache revalidated)
14 silly packumentCache heap:4345298944 maxSize:1086324736 maxEntrySize:543162368
15 silly packumentCache heap:4345298944 maxSize:1086324736 maxEntrySize:543162368
16 verbose cwd D:\workspace\code\harness\dsh-smart-scenario-router
17 verbose os Windows_NT 10.0.26200
18 verbose node v22.23.2
19 verbose npm  v10.9.8
20 verbose exit 1
21 verbose code 1
